------------------------------------------------------------
Timing Analyzer Summary
------------------------------------------------------------

Type  : Slow 1100mV 85C Model Setup 'clk'
Slack : -1.422
TNS   : -9.151

Type  : Slow 1100mV 85C Model Hold 'clk'
Slack : 0.509
TNS   : 0.000

Type  : Slow 1100mV 85C Model Minimum Pulse Width 'clk'
Slack : -0.724
TNS   : -9.979

Type  : Slow 1100mV 0C Model Setup 'clk'
Slack : -1.574
TNS   : -10.180

Type  : Slow 1100mV 0C Model Hold 'clk'
Slack : 0.523
TNS   : 0.000

Type  : Slow 1100mV 0C Model Minimum Pulse Width 'clk'
Slack : -0.724
TNS   : -10.004

Type  : Fast 1100mV 85C Model Setup 'clk'
Slack : 0.074
TNS   : 0.000

Type  : Fast 1100mV 85C Model Hold 'clk'
Slack : 0.189
TNS   : 0.000

Type  : Fast 1100mV 85C Model Minimum Pulse Width 'clk'
Slack : -0.086
TNS   : -0.758

Type  : Fast 1100mV 0C Model Setup 'clk'
Slack : 0.097
TNS   : 0.000

Type  : Fast 1100mV 0C Model Hold 'clk'
Slack : 0.178
TNS   : 0.000

Type  : Fast 1100mV 0C Model Minimum Pulse Width 'clk'
Slack : -0.085
TNS   : -0.755

------------------------------------------------------------
